[N/I    ] P6-S02: no offer list is shown or selectable; the optimizer picks one bundle and explains it
[N/I    ] P6-S03: cost is one of five weighted criteria (cost 0.4, time 0.25, risk 0.15, preference 0.1, experience 0.1); 'cheap
[N/I    ] P6-S04: time is a weighted criterion, not a selectable mode
[N/I    ] P6-S07: no carrier filter in the request contract
[N/I    ] P6-S08: the request takes one airport code per leg; there is no metro search. A city code (NYC) is refused with the ai
[N/I    ] P6-S09: stops are governed by policy (maxStops=1, violation -> approval), not by the traveler
[N/I    ] P6-S14: one traveler per trip; no counts, ages or fees
[PASS   ] P6-S05: BOOKED /; flights=[('BOS', 'SEA', '2026-10-23T21:30:00Z')]; items=['AIR']
[PASS   ] P6-S06: FAILED OPTIMIZATION/NO_FEASIBLE_CANDIDATE; flights=[]; items=[]
[PASS   ] P6-S10: BOOKED /; flights=[('BOS', 'SEA', '2026-10-23T08:30:00Z')]; items=['AIR']
[PASS   ] P6-S11: BOOKED /; flights=[('BOS', 'SEA', '2026-10-23T08:30:00Z'), ('SEA', 'BOS', '2026-10-26T11:15:00Z')]; items=['AI
[FAIL   ] P6-S12: 422 INTENT_INVALID leg 2 must depart from LHR, where leg 1 lands
[PASS   ] P6-S13: BOOKED /; flights=[('JFK', 'LHR', '2026-10-23T17:45:00Z'), ('LHR', 'CDG', '2026-10-25T17:45:00Z'), ('CDG', 'FC
[FAIL   ] P6-S15: 422 INTENT_INVALID transfer kind must be one of [AIRPORT_TO_HOTEL, HOTEL_TO_AIRPORT, POINT_TO_POINT
[PASS   ] P6-ML-01: BOOKED /; flights=[('BGR', 'BOS', '2026-10-23T17:45:00Z'), ('BOS', 'JFK', '2026-10-25T17:45:00Z'), ('JFK', 'BG
[PASS   ] P6-ML-02: BOOKED /; flights=[('JFK', 'ORD', '2026-10-23T17:45:00Z'), ('ORD', 'DEN', '2026-10-25T17:45:00Z'), ('DEN', 'SF
[PASS   ] P6-ML-03: BOOKED /; flights=[('SFO', 'NRT', '2026-10-23T17:45:00Z'), ('NRT', 'ICN', '2026-10-26T17:45:00Z'), ('ICN', 'SI
[FAIL   ] P6-ML-04: AWAITING_APPROVAL /; flights=[]; items=[]
[N/A    ] P6-SUM-01: by design there is no offer at confirmation time: the traveler confirms a request, the platform then searches,
[N/I    ] P6-ML-EDIT: trips are immutable requests (see P3-EDIT-01); a changed plan is a new trip; unsupported structures are refuse
[PASS   ] P6-DUP-01: proven by P3-MUT-01 (same key twice = one trip), P3-MUT-02 (5 concurrent = one trip), P1-FAIL-01c (cancel righ
{'FAIL': 35, 'PASS': 151, 'NOT_IMPLEMENTED': 10, 'BLOCKED': 1, 'NOT_APPLICABLE': 1}
